// Jest Snapshot v1, https://goo.gl/fbAQLP

exports[`Claim matches snapshot 1`] = `null`;
