// Jest Snapshot v1, https://goo.gl/fbAQLP

exports[`ActionButton matches snapshot 1`] = `
<div
  className="css-view-1dbjc4n r-flex-13awgt0 r-pointerEvents-12vffkv"
>
  <div
    className="css-view-1dbjc4n r-cursor-1loqt21 r-marginLeft-1n0xq6e r-marginRight-zso239 r-touchAction-1otgn73 r-transitionProperty-1i6wzkk r-userSelect-lrvibr"
    onClick={[Function]}
    onContextMenu={[Function]}
    onKeyDown={[Function]}
    style={
      Object {
        "WebkitTransitionDuration": "0s",
        "transitionDuration": "0s",
      }
    }
    tabIndex="0"
  >
    <div
      className="css-text-901oao"
      dir="auto"
      style={
        Object {
          "color": "rgba(255,255,255,1.00)",
          "fontFamily": "gooddollar",
          "fontSize": "48px",
          "fontStyle": "normal",
          "fontWeight": "normal",
        }
      }
    >
      î¡Œ
    </div>
  </div>
</div>
`;
