// Jest Snapshot v1, https://goo.gl/fbAQLP

exports[`QRCode matches snapshot 1`] = `
<div
  className="css-view-1dbjc4n r-flex-13awgt0 r-pointerEvents-12vffkv"
>
  <div
    className="css-view-1dbjc4n r-alignItems-1awozwy r-justifyContent-1777fci"
  >
    <div
      className="css-view-1dbjc4n r-borderColor-17xuhkx r-borderRadius-1f0042m r-borderWidth-rs99b7 r-padding-nsbfu8"
    >
      <canvas
        height={128}
        style={
          {
            "height": 128,
            "width": 128,
          }
        }
        theme={
          {
            "animation": {
              "scale": 1,
            },
            "backdrop": {
              "backgroundColor": "rgba(255, 0, 0, 0.8)",
            },
            "borders": {
              "defaultBorderColor": "#c9c8c9",
            },
            "colors": {
              "accent": "#03dac4",
              "backdrop": "rgba(0, 0, 0, 0.5)",
              "background": "#f6f6f6",
              "blue": "#006EA0",
              "darkBlue": "#0C263D",
              "darkGray": "#42454A",
              "darkIndigo": "#173566",
              "disabled": "#E3E3E2",
              "error": "#FA6C77",
              "extraLighterGray": "#707070",
              "facebookBlue": "#0075FF",
              "googleBlue": "#3367D6",
              "googleRed": "#D03737",
              "gray": "#555",
              "gray100Percent": "#737373",
              "gray50Percent": "#CBCBCB",
              "gray80Percent": "#A3A3A3",
              "grayBox": "#E5E5E5",
              "green": "#00C3AE",
              "lessDarkGray": "#A5AEC0",
              "lightBlue": "#8499BB",
              "lightGdBlue": "#00AEFF",
              "lightGray": "#EEE",
              "lightGreen": "#00BBA5",
              "lighterGray": "#A3A3A3",
              "lighterGreen": "#04C899",
              "lightestGray": "#F9F9F9",
              "notification": "#f50057",
              "onBackground": "#000000",
              "onSurface": "#000000",
              "orange": "#F8AF40",
              "placeholder": "#CBCBCB",
              "primary": "#00AFFF",
              "purple": "#9F6A9D",
              "red": "#FA6C77",
              "secondary": "#A3A3A3",
              "secondaryGray": "#F6F8FA",
              "surface": "#ffffff",
              "text": "#222",
              "white": "#ffffff",
            },
            "dark": false,
            "feedItems": {
              "borderRadius": 8,
              "height": 0,
              "itemBackgroundColor": "#fff",
            },
            "fontStyle": {
              "color": "#555",
              "fontSize": 0,
              "textAlign": "center",
            },
            "fonts": {
              "default": "Roboto",
              "light": {
                "fontFamily": "Roboto, "Helvetica Neue", Helvetica, Arial, sans-serif",
                "fontWeight": "300",
              },
              "medium": {
                "fontFamily": "Roboto, "Helvetica Neue", Helvetica, Arial, sans-serif",
                "fontWeight": "500",
              },
              "regular": {
                "fontFamily": "Roboto, "Helvetica Neue", Helvetica, Arial, sans-serif",
                "fontWeight": "400",
              },
              "slab": "Roboto Slab",
              "thin": {
                "fontFamily": "Roboto, "Helvetica Neue", Helvetica, Arial, sans-serif",
                "fontWeight": "100",
              },
            },
            "modals": {
              "activityIndicatorBackgroundColor": "rgba(255, 255, 255, 0.8)",
              "backgroundColor": "#fff",
              "borderLeftWidth": 10,
              "borderRadius": 5,
              "contentPadding": 16,
              "jaggedEdgeSize": 16,
              "overlayBackgroundColor": "transparent",
              "overlayHorizontalPadding": 20,
              "overlayVerticalPadding": 65,
            },
            "paddings": {
              "bottomPadding": 0,
              "defaultMargin": 8,
              "mainContainerPadding": 8,
            },
            "roundness": 4,
            "shadows": {
              "shadow2": "0px 1px 2.2200000286102295px 0px rgba(0, 0, 0, 0.22)",
            },
            "sizes": {
              "borderRadius": 5,
              "default": 8,
              "defaultDouble": 16,
              "defaultHalf": 4,
              "defaultQuadruple": 32,
              "maxContentHeightForTabletAndDesktop": 788,
              "maxHeightForTabletAndDesktop": 844,
              "maxWidthForTabletAndDesktop": 475,
              "minHeightForDialogMessage": 350,
            },
          }
        }
        width={128}
      />
    </div>
  </div>
</div>
`;

exports[`QRCode matches snapshot 2`] = `
<div
  className="css-view-1dbjc4n r-flex-13awgt0 r-pointerEvents-12vffkv"
>
  <div
    className="css-view-1dbjc4n r-alignItems-1awozwy r-justifyContent-1777fci"
  >
    <div
      className="css-view-1dbjc4n r-borderColor-17xuhkx r-borderRadius-1f0042m r-borderWidth-rs99b7 r-padding-nsbfu8"
    >
      <canvas
        height={128}
        style={
          {
            "height": 128,
            "width": 128,
          }
        }
        theme={
          {
            "animation": {
              "scale": 1,
            },
            "backdrop": {
              "backgroundColor": "rgba(255, 0, 0, 0.8)",
            },
            "borders": {
              "defaultBorderColor": "#c9c8c9",
            },
            "colors": {
              "accent": "#03dac4",
              "backdrop": "rgba(0, 0, 0, 0.5)",
              "background": "#f6f6f6",
              "blue": "#006EA0",
              "darkBlue": "#0C263D",
              "darkGray": "#42454A",
              "darkIndigo": "#173566",
              "disabled": "#E3E3E2",
              "error": "#FA6C77",
              "extraLighterGray": "#707070",
              "facebookBlue": "#0075FF",
              "googleBlue": "#3367D6",
              "googleRed": "#D03737",
              "gray": "#555",
              "gray100Percent": "#737373",
              "gray50Percent": "#CBCBCB",
              "gray80Percent": "#A3A3A3",
              "grayBox": "#E5E5E5",
              "green": "#00C3AE",
              "lessDarkGray": "#A5AEC0",
              "lightBlue": "#8499BB",
              "lightGdBlue": "#00AEFF",
              "lightGray": "#EEE",
              "lightGreen": "#00BBA5",
              "lighterGray": "#A3A3A3",
              "lighterGreen": "#04C899",
              "lightestGray": "#F9F9F9",
              "notification": "#f50057",
              "onBackground": "#000000",
              "onSurface": "#000000",
              "orange": "#F8AF40",
              "placeholder": "#CBCBCB",
              "primary": "#00AFFF",
              "purple": "#9F6A9D",
              "red": "#FA6C77",
              "secondary": "#A3A3A3",
              "secondaryGray": "#F6F8FA",
              "surface": "#ffffff",
              "text": "#222",
              "white": "#ffffff",
            },
            "dark": false,
            "feedItems": {
              "borderRadius": 8,
              "height": 0,
              "itemBackgroundColor": "#fff",
            },
            "fontStyle": {
              "color": "#555",
              "fontSize": 0,
              "textAlign": "center",
            },
            "fonts": {
              "default": "Roboto",
              "light": {
                "fontFamily": "Roboto, "Helvetica Neue", Helvetica, Arial, sans-serif",
                "fontWeight": "300",
              },
              "medium": {
                "fontFamily": "Roboto, "Helvetica Neue", Helvetica, Arial, sans-serif",
                "fontWeight": "500",
              },
              "regular": {
                "fontFamily": "Roboto, "Helvetica Neue", Helvetica, Arial, sans-serif",
                "fontWeight": "400",
              },
              "slab": "Roboto Slab",
              "thin": {
                "fontFamily": "Roboto, "Helvetica Neue", Helvetica, Arial, sans-serif",
                "fontWeight": "100",
              },
            },
            "modals": {
              "activityIndicatorBackgroundColor": "rgba(255, 255, 255, 0.8)",
              "backgroundColor": "#fff",
              "borderLeftWidth": 10,
              "borderRadius": 5,
              "contentPadding": 16,
              "jaggedEdgeSize": 16,
              "overlayBackgroundColor": "transparent",
              "overlayHorizontalPadding": 20,
              "overlayVerticalPadding": 65,
            },
            "paddings": {
              "bottomPadding": 0,
              "defaultMargin": 8,
              "mainContainerPadding": 8,
            },
            "roundness": 4,
            "shadows": {
              "shadow2": "0px 1px 2.2200000286102295px 0px rgba(0, 0, 0, 0.22)",
            },
            "sizes": {
              "borderRadius": 5,
              "default": 8,
              "defaultDouble": 16,
              "defaultHalf": 4,
              "defaultQuadruple": 32,
              "maxContentHeightForTabletAndDesktop": 788,
              "maxHeightForTabletAndDesktop": 844,
              "maxWidthForTabletAndDesktop": 475,
              "minHeightForDialogMessage": 350,
            },
          }
        }
        width={128}
      />
    </div>
  </div>
</div>
`;
