// Jest Snapshot v1, https://goo.gl/fbAQLP

exports[`WebViewScreen Instances PrivacyPolicy matches snapshot 1`] = `
<iframe
  allowFullScreen={true}
  frameBorder="0"
  height="100%"
  onLoad={[Function]}
  seamless={true}
  src="https://www.gooddollar.org/privacy-policy/?gd-frame=1"
  style={
    {
      "height": 0,
    }
  }
  title="Privacy Policy"
  width="100%"
/>
`;

exports[`WebViewScreen Instances TermsOFUse matches snapshot 1`] = `
<iframe
  allowFullScreen={true}
  frameBorder="0"
  height="100%"
  onLoad={[Function]}
  seamless={true}
  src="https://www.gooddollar.org/terms-conditions/?gd-frame=1"
  style={
    {
      "height": 0,
    }
  }
  title="Terms Of Use"
  width="100%"
/>
`;
